// Jest Snapshot v1, https://goo.gl/fbAQLP

exports[`should render Chart correctly 1`] = `
<div
  className="chart"
>
  <Bar
    data={
      Object {
        "datasets": Array [
          Object {
            "backgroundColor": "blue",
            "data": Array [
              3,
              5,
            ],
            "hoverBackgroundColor": "rgba(4,12,96,0.4)",
            "label": "Male",
          },
          Object {
            "backgroundColor": "red",
            "data": Array [
              2,
              6,
            ],
            "hoverBackgroundColor": "rgba(94,2,2,0.4)",
            "label": "Female",
          },
        ],
        "labels": Array [
          "5-9",
          "10-14",
        ],
      }
    }
    options={
      Object {
        "legend": Object {
          "display": true,
          "position": "top",
        },
        "title": Object {
          "display": true,
          "fontSize": 40,
          "text": "Age Sex Chart",
        },
      }
    }
  />
</div>
`;
