// Jest Snapshot v1, https://goo.gl/fbAQLP

exports[`should render Header correctly 1`] = `
<header
  className="header"
>
  <div
    className="content-container"
  >
    <div
      className="header__content"
    >
      <span
        className="header__message"
      >
        Welcome 
      </span>
    </div>
  </div>
</header>
`;
